{
'project:babylon/test/expressions/esprima/expression-assignment/migrated_0001/actual.js':[
1,
],
'project:babylon/test/expressions/esprima/expression-assignment/migrated_0002/actual.js':[
1,
],
'project:babylon/test/expressions/esprima/expression-postfix/migrated_0002/actual.js':[
1,
],
'project:babylon/test/expressions/esprima/expression-postfix/migrated_0003/actual.js':[
1,
],
'project:babylon/test/expressions/esprima/expression-unary/migrated_0002/actual.js':[
1,
],
'project:babylon/test/expressions/esprima/expression-unary/migrated_0003/actual.js':[
1,
],
'project:dojo-1.8.1/dojo/aspect.js.uncompressed.js':[
7,
],
'project:dojo-1.8.1/dojo/dojo.js.uncompressed.js':[
11491,
16982,
],
'project:dojo-1.8.1/dojo/request/node.js.uncompressed.js':[
14,
],
'project:dojo-1.8.1/dojo/request/xhr.js.uncompressed.js':[
120,
],
'project:file-for-rules/boundOrAssignedEvalOrArguments.js':[
2,
10,
12,
],
'project:yui-3.7.3/align-plugin/align-plugin.js':[
17,
],
}
